
> app@1.0.0 test
> jest

PASS tests/particles.test.js
  Particle System
    ✓ initializes with particles (9 ms)
    Particle
      ✓ moves according to base speed when no mouse interaction (11 ms)
      ✓ flees from mouse when within radius (8 ms)
      ✓ does not flee from mouse when outside radius (4 ms)
      ✓ returns to base speed after repulsion (6 ms)

Test Suites: 1 passed, 1 total
Tests:       5 passed, 5 total
Snapshots:   0 total
Time:        0.798 s, estimated 1 s
Ran all test suites.
